// Jest Snapshot v1, https://goo.gl/fbAQLP

exports[`generator - java:domain with defaults options should match files snapshot 1`] = `
{
  ".yo-rc.json": {
    "stateCleared": "modified",
  },
  "src/test/java/com/mycompany/myapp/domain/AssertUtils.java": {
    "stateCleared": "modified",
  },
}
`;
