// Jest Snapshot v1, https://goo.gl/fbAQLP

exports[`JHipster spring-boot generator with add option and default config should write only spring-boot files and match snapshot 1`] = `
Object {
  ".yo-rc.json": Object {
    "stateCleared": "modified",
  },
  "src/main/java/com/mycompany/myapp/JhipsterApp.java": Object {
    "stateCleared": "modified",
  },
  "src/main/resources/application.properties": Object {
    "stateCleared": "modified",
  },
  "src/test/java/com/mycompany/myapp/JhipsterAppTests.java": Object {
    "stateCleared": "modified",
  },
}
`;

exports[`JHipster spring-boot generator with default config should write java files and match snapshot 1`] = `
Object {
  ".yo-rc.json": Object {
    "stateCleared": "modified",
  },
  "src/main/java/com/mycompany/myapp/JhipsterApp.java": Object {
    "stateCleared": "modified",
  },
  "src/main/resources/application.properties": Object {
    "stateCleared": "modified",
  },
  "src/test/java/com/mycompany/myapp/JhipsterAppTests.java": Object {
    "stateCleared": "modified",
  },
}
`;
