// Jest Snapshot v1, https://goo.gl/fbAQLP

exports[`generator - spring-boot with jwt should match generated files snapshot 1`] = `
{
  ".yo-rc.json": {
    "stateCleared": "modified",
  },
}
`;

exports[`generator - spring-boot with oauth2 should match generated files snapshot 1`] = `
{
  ".yo-rc.json": {
    "stateCleared": "modified",
  },
}
`;
