// Jest Snapshot v1, https://goo.gl/fbAQLP

exports[`JHipster couchbase generator samples matrix should match snapshot 1`] = `
Object {
  "gateway-jwt-gradle-enableTranslation(true)-com.package-fix--Rest-skipCommitHook(true)-websocket(false)-skipUserManagement(false)-serviceDiscoveryType(no)-couchbase": Object {
    "applicationWithEntities": Object {
      "config": Object {
        "applicationType": "gateway",
        "authenticationType": "jwt",
        "baseName": "jhipster",
        "buildTool": "gradle",
        "databaseType": "couchbase",
        "dtoSuffix": "Rest",
        "enableTranslation": true,
        "entitySuffix": "",
        "jhiPrefix": "fix",
        "languages": Array [
          "fr",
          "en",
        ],
        "nativeLanguage": "en",
        "packageName": "com.package",
        "searchEngine": "couchbase",
        "serverSideOptions": Array [],
        "serviceDiscoveryType": "no",
        "skipCommitHook": true,
        "skipUserManagement": false,
        "testFrameworks": Array [],
        "websocket": false,
      },
      "entities": Array [
        Object {
          "changelogDate": "20220129000100",
          "fields": Array [
            Object {
              "fieldName": "simpleName",
              "fieldType": "String",
            },
          ],
          "name": "Simple",
        },
        Object {
          "changelogDate": "20220129000200",
          "clientRootFolder": "test-root",
          "dto": "mapstruct",
          "fields": Array [
            Object {
              "fieldName": "simpleName",
              "fieldType": "String",
            },
          ],
          "name": "AnotherSimple",
          "pagination": "pagination",
          "service": "serviceImpl",
        },
      ],
    },
    "defaults": true,
  },
  "gateway-oauth2-maven-enableTranslation(false)-tech.jhipster-jhi-Entity-DTO-skipCommitHook(false)-cucumber-enableSwaggerCodegen:true-websocket(true)-consul-searchEngine(no)": Object {
    "applicationWithEntities": Object {
      "config": Object {
        "applicationType": "gateway",
        "authenticationType": "oauth2",
        "baseName": "jhipster",
        "buildTool": "maven",
        "databaseType": "couchbase",
        "dtoSuffix": "DTO",
        "enableTranslation": false,
        "entitySuffix": "Entity",
        "jhiPrefix": "jhi",
        "languages": Array [
          "fr",
          "en",
        ],
        "nativeLanguage": "en",
        "packageName": "tech.jhipster",
        "searchEngine": "no",
        "serverSideOptions": Array [
          "enableSwaggerCodegen:true",
        ],
        "serviceDiscoveryType": "consul",
        "skipCommitHook": false,
        "testFrameworks": Array [
          "cucumber",
        ],
        "websocket": true,
      },
      "entities": Array [
        Object {
          "changelogDate": "20220129000100",
          "fields": Array [
            Object {
              "fieldName": "simpleName",
              "fieldType": "String",
            },
          ],
          "name": "Simple",
        },
        Object {
          "changelogDate": "20220129000200",
          "clientRootFolder": "test-root",
          "dto": "mapstruct",
          "fields": Array [
            Object {
              "fieldName": "simpleName",
              "fieldType": "String",
            },
          ],
          "name": "AnotherSimple",
          "pagination": "pagination",
          "service": "serviceImpl",
        },
      ],
    },
    "defaults": true,
  },
  "microservice-jwt-reactive(false)-maven-enableTranslation(false)-tech.jhipster-jhi-Entity-DTO-skipCommitHook(false)-cucumber-websocket(false)-skipUserManagement(false)-serviceDiscoveryType(no)-searchEngine(no)": Object {
    "applicationWithEntities": Object {
      "config": Object {
        "applicationType": "microservice",
        "authenticationType": "jwt",
        "baseName": "jhipster",
        "buildTool": "maven",
        "databaseType": "couchbase",
        "dtoSuffix": "DTO",
        "enableTranslation": false,
        "entitySuffix": "Entity",
        "jhiPrefix": "jhi",
        "languages": Array [
          "fr",
          "en",
        ],
        "nativeLanguage": "en",
        "packageName": "tech.jhipster",
        "reactive": false,
        "searchEngine": "no",
        "serverSideOptions": Array [],
        "serviceDiscoveryType": "no",
        "skipCommitHook": false,
        "skipUserManagement": false,
        "testFrameworks": Array [
          "cucumber",
        ],
        "websocket": false,
      },
      "entities": Array [
        Object {
          "changelogDate": "20220129000100",
          "fields": Array [
            Object {
              "fieldName": "simpleName",
              "fieldType": "String",
            },
          ],
          "name": "Simple",
        },
        Object {
          "changelogDate": "20220129000200",
          "clientRootFolder": "test-root",
          "dto": "mapstruct",
          "fields": Array [
            Object {
              "fieldName": "simpleName",
              "fieldType": "String",
            },
          ],
          "name": "AnotherSimple",
          "pagination": "pagination",
          "service": "serviceImpl",
        },
      ],
    },
    "defaults": true,
  },
  "microservice-jwt-reactive(true)-gradle-enableTranslation(true)-com.package-fix--Rest-skipCommitHook(true)-enableSwaggerCodegen:true-skipUserManagement(true)-eureka-couchbase": Object {
    "applicationWithEntities": Object {
      "config": Object {
        "applicationType": "microservice",
        "authenticationType": "jwt",
        "baseName": "jhipster",
        "buildTool": "gradle",
        "databaseType": "couchbase",
        "dtoSuffix": "Rest",
        "enableTranslation": true,
        "entitySuffix": "",
        "jhiPrefix": "fix",
        "languages": Array [
          "fr",
          "en",
        ],
        "nativeLanguage": "en",
        "packageName": "com.package",
        "reactive": true,
        "searchEngine": "couchbase",
        "serverSideOptions": Array [
          "enableSwaggerCodegen:true",
        ],
        "serviceDiscoveryType": "eureka",
        "skipCommitHook": true,
        "skipUserManagement": true,
        "testFrameworks": Array [],
      },
      "entities": Array [
        Object {
          "changelogDate": "20220129000100",
          "fields": Array [
            Object {
              "fieldName": "simpleName",
              "fieldType": "String",
            },
          ],
          "name": "Simple",
        },
        Object {
          "changelogDate": "20220129000200",
          "clientRootFolder": "test-root",
          "dto": "mapstruct",
          "fields": Array [
            Object {
              "fieldName": "simpleName",
              "fieldType": "String",
            },
          ],
          "name": "AnotherSimple",
          "pagination": "pagination",
          "service": "serviceImpl",
        },
      ],
    },
    "defaults": true,
  },
  "microservice-oauth2-reactive(false)-maven-enableTranslation(false)-tech.jhipster-jhi-Entity-DTO-skipCommitHook(false)-gatling-enableSwaggerCodegen:true-websocket(true)-eureka-searchEngine(no)": Object {
    "applicationWithEntities": Object {
      "config": Object {
        "applicationType": "microservice",
        "authenticationType": "oauth2",
        "baseName": "jhipster",
        "buildTool": "maven",
        "databaseType": "couchbase",
        "dtoSuffix": "DTO",
        "enableTranslation": false,
        "entitySuffix": "Entity",
        "jhiPrefix": "jhi",
        "languages": Array [
          "fr",
          "en",
        ],
        "nativeLanguage": "en",
        "packageName": "tech.jhipster",
        "reactive": false,
        "searchEngine": "no",
        "serverSideOptions": Array [
          "enableSwaggerCodegen:true",
        ],
        "serviceDiscoveryType": "eureka",
        "skipCommitHook": false,
        "testFrameworks": Array [
          "gatling",
        ],
        "websocket": true,
      },
      "entities": Array [
        Object {
          "changelogDate": "20220129000100",
          "fields": Array [
            Object {
              "fieldName": "simpleName",
              "fieldType": "String",
            },
          ],
          "name": "Simple",
        },
        Object {
          "changelogDate": "20220129000200",
          "clientRootFolder": "test-root",
          "dto": "mapstruct",
          "fields": Array [
            Object {
              "fieldName": "simpleName",
              "fieldType": "String",
            },
          ],
          "name": "AnotherSimple",
          "pagination": "pagination",
          "service": "serviceImpl",
        },
      ],
    },
    "defaults": true,
  },
  "microservice-oauth2-reactive(true)-gradle-enableTranslation(true)-com.package-fix--Rest-skipCommitHook(true)-gatling-consul-couchbase": Object {
    "applicationWithEntities": Object {
      "config": Object {
        "applicationType": "microservice",
        "authenticationType": "oauth2",
        "baseName": "jhipster",
        "buildTool": "gradle",
        "databaseType": "couchbase",
        "dtoSuffix": "Rest",
        "enableTranslation": true,
        "entitySuffix": "",
        "jhiPrefix": "fix",
        "languages": Array [
          "fr",
          "en",
        ],
        "nativeLanguage": "en",
        "packageName": "com.package",
        "reactive": true,
        "searchEngine": "couchbase",
        "serverSideOptions": Array [],
        "serviceDiscoveryType": "consul",
        "skipCommitHook": true,
        "testFrameworks": Array [
          "gatling",
        ],
      },
      "entities": Array [
        Object {
          "changelogDate": "20220129000100",
          "fields": Array [
            Object {
              "fieldName": "simpleName",
              "fieldType": "String",
            },
          ],
          "name": "Simple",
        },
        Object {
          "changelogDate": "20220129000200",
          "clientRootFolder": "test-root",
          "dto": "mapstruct",
          "fields": Array [
            Object {
              "fieldName": "simpleName",
              "fieldType": "String",
            },
          ],
          "name": "AnotherSimple",
          "pagination": "pagination",
          "service": "serviceImpl",
        },
      ],
    },
    "defaults": true,
  },
  "monolith-jwt-reactive(false)-maven-enableTranslation(false)-tech.jhipster-jhi-Entity-DTO-skipCommitHook(false)-enableSwaggerCodegen:true-websocket(true)-skipUserManagement(false)-consul-searchEngine(no)": Object {
    "applicationWithEntities": Object {
      "config": Object {
        "applicationType": "monolith",
        "authenticationType": "jwt",
        "baseName": "jhipster",
        "buildTool": "maven",
        "databaseType": "couchbase",
        "dtoSuffix": "DTO",
        "enableTranslation": false,
        "entitySuffix": "Entity",
        "jhiPrefix": "jhi",
        "languages": Array [
          "fr",
          "en",
        ],
        "nativeLanguage": "en",
        "packageName": "tech.jhipster",
        "reactive": false,
        "searchEngine": "no",
        "serverSideOptions": Array [
          "enableSwaggerCodegen:true",
        ],
        "serviceDiscoveryType": "consul",
        "skipCommitHook": false,
        "skipUserManagement": false,
        "testFrameworks": Array [],
        "websocket": true,
      },
      "entities": Array [
        Object {
          "changelogDate": "20220129000100",
          "fields": Array [
            Object {
              "fieldName": "simpleName",
              "fieldType": "String",
            },
          ],
          "name": "Simple",
        },
        Object {
          "changelogDate": "20220129000200",
          "clientRootFolder": "test-root",
          "dto": "mapstruct",
          "fields": Array [
            Object {
              "fieldName": "simpleName",
              "fieldType": "String",
            },
          ],
          "name": "AnotherSimple",
          "pagination": "pagination",
          "service": "serviceImpl",
        },
      ],
    },
    "defaults": true,
  },
  "monolith-jwt-reactive(true)-gradle-enableTranslation(true)-com.package-fix--Rest-skipCommitHook(true)-cucumber-skipUserManagement(true)-serviceDiscoveryType(no)-couchbase": Object {
    "applicationWithEntities": Object {
      "config": Object {
        "applicationType": "monolith",
        "authenticationType": "jwt",
        "baseName": "jhipster",
        "buildTool": "gradle",
        "databaseType": "couchbase",
        "dtoSuffix": "Rest",
        "enableTranslation": true,
        "entitySuffix": "",
        "jhiPrefix": "fix",
        "languages": Array [
          "fr",
          "en",
        ],
        "nativeLanguage": "en",
        "packageName": "com.package",
        "reactive": true,
        "searchEngine": "couchbase",
        "serverSideOptions": Array [],
        "serviceDiscoveryType": "no",
        "skipCommitHook": true,
        "skipUserManagement": true,
        "testFrameworks": Array [
          "cucumber",
        ],
      },
      "entities": Array [
        Object {
          "changelogDate": "20220129000100",
          "fields": Array [
            Object {
              "fieldName": "simpleName",
              "fieldType": "String",
            },
          ],
          "name": "Simple",
        },
        Object {
          "changelogDate": "20220129000200",
          "clientRootFolder": "test-root",
          "dto": "mapstruct",
          "fields": Array [
            Object {
              "fieldName": "simpleName",
              "fieldType": "String",
            },
          ],
          "name": "AnotherSimple",
          "pagination": "pagination",
          "service": "serviceImpl",
        },
      ],
    },
    "defaults": true,
  },
  "monolith-oauth2-reactive(false)-maven-enableTranslation(false)-tech.jhipster-jhi-Entity-DTO-skipCommitHook(false)-websocket(false)-serviceDiscoveryType(no)-searchEngine(no)": Object {
    "applicationWithEntities": Object {
      "config": Object {
        "applicationType": "monolith",
        "authenticationType": "oauth2",
        "baseName": "jhipster",
        "buildTool": "maven",
        "databaseType": "couchbase",
        "dtoSuffix": "DTO",
        "enableTranslation": false,
        "entitySuffix": "Entity",
        "jhiPrefix": "jhi",
        "languages": Array [
          "fr",
          "en",
        ],
        "nativeLanguage": "en",
        "packageName": "tech.jhipster",
        "reactive": false,
        "searchEngine": "no",
        "serverSideOptions": Array [],
        "serviceDiscoveryType": "no",
        "skipCommitHook": false,
        "testFrameworks": Array [],
        "websocket": false,
      },
      "entities": Array [
        Object {
          "changelogDate": "20220129000100",
          "fields": Array [
            Object {
              "fieldName": "simpleName",
              "fieldType": "String",
            },
          ],
          "name": "Simple",
        },
        Object {
          "changelogDate": "20220129000200",
          "clientRootFolder": "test-root",
          "dto": "mapstruct",
          "fields": Array [
            Object {
              "fieldName": "simpleName",
              "fieldType": "String",
            },
          ],
          "name": "AnotherSimple",
          "pagination": "pagination",
          "service": "serviceImpl",
        },
      ],
    },
    "defaults": true,
  },
  "monolith-oauth2-reactive(true)-gradle-enableTranslation(true)-com.package-fix--Rest-skipCommitHook(true)-cucumber-enableSwaggerCodegen:true-eureka-couchbase": Object {
    "applicationWithEntities": Object {
      "config": Object {
        "applicationType": "monolith",
        "authenticationType": "oauth2",
        "baseName": "jhipster",
        "buildTool": "gradle",
        "databaseType": "couchbase",
        "dtoSuffix": "Rest",
        "enableTranslation": true,
        "entitySuffix": "",
        "jhiPrefix": "fix",
        "languages": Array [
          "fr",
          "en",
        ],
        "nativeLanguage": "en",
        "packageName": "com.package",
        "reactive": true,
        "searchEngine": "couchbase",
        "serverSideOptions": Array [
          "enableSwaggerCodegen:true",
        ],
        "serviceDiscoveryType": "eureka",
        "skipCommitHook": true,
        "testFrameworks": Array [
          "cucumber",
        ],
      },
      "entities": Array [
        Object {
          "changelogDate": "20220129000100",
          "fields": Array [
            Object {
              "fieldName": "simpleName",
              "fieldType": "String",
            },
          ],
          "name": "Simple",
        },
        Object {
          "changelogDate": "20220129000200",
          "clientRootFolder": "test-root",
          "dto": "mapstruct",
          "fields": Array [
            Object {
              "fieldName": "simpleName",
              "fieldType": "String",
            },
          ],
          "name": "AnotherSimple",
          "pagination": "pagination",
          "service": "serviceImpl",
        },
      ],
    },
    "defaults": true,
  },
  "monolith-session-reactive(false)-maven-enableTranslation(false)-tech.jhipster-jhi-Entity-DTO-skipCommitHook(false)-gatling-websocket(false)-skipUserManagement(false)-serviceDiscoveryType(no)-searchEngine(no)": Object {
    "applicationWithEntities": Object {
      "config": Object {
        "applicationType": "monolith",
        "authenticationType": "session",
        "baseName": "jhipster",
        "buildTool": "maven",
        "databaseType": "couchbase",
        "dtoSuffix": "DTO",
        "enableTranslation": false,
        "entitySuffix": "Entity",
        "jhiPrefix": "jhi",
        "languages": Array [
          "fr",
          "en",
        ],
        "nativeLanguage": "en",
        "packageName": "tech.jhipster",
        "reactive": false,
        "searchEngine": "no",
        "serverSideOptions": Array [],
        "serviceDiscoveryType": "no",
        "skipCommitHook": false,
        "skipUserManagement": false,
        "testFrameworks": Array [
          "gatling",
        ],
        "websocket": false,
      },
      "entities": Array [
        Object {
          "changelogDate": "20220129000100",
          "fields": Array [
            Object {
              "fieldName": "simpleName",
              "fieldType": "String",
            },
          ],
          "name": "Simple",
        },
        Object {
          "changelogDate": "20220129000200",
          "clientRootFolder": "test-root",
          "dto": "mapstruct",
          "fields": Array [
            Object {
              "fieldName": "simpleName",
              "fieldType": "String",
            },
          ],
          "name": "AnotherSimple",
          "pagination": "pagination",
          "service": "serviceImpl",
        },
      ],
    },
    "defaults": true,
  },
  "monolith-session-reactive(true)-gradle-enableTranslation(true)-com.package-fix--Rest-skipCommitHook(true)-gatling-enableSwaggerCodegen:true-skipUserManagement(true)-consul-couchbase": Object {
    "applicationWithEntities": Object {
      "config": Object {
        "applicationType": "monolith",
        "authenticationType": "session",
        "baseName": "jhipster",
        "buildTool": "gradle",
        "databaseType": "couchbase",
        "dtoSuffix": "Rest",
        "enableTranslation": true,
        "entitySuffix": "",
        "jhiPrefix": "fix",
        "languages": Array [
          "fr",
          "en",
        ],
        "nativeLanguage": "en",
        "packageName": "com.package",
        "reactive": true,
        "searchEngine": "couchbase",
        "serverSideOptions": Array [
          "enableSwaggerCodegen:true",
        ],
        "serviceDiscoveryType": "consul",
        "skipCommitHook": true,
        "skipUserManagement": true,
        "testFrameworks": Array [
          "gatling",
        ],
      },
      "entities": Array [
        Object {
          "changelogDate": "20220129000100",
          "fields": Array [
            Object {
              "fieldName": "simpleName",
              "fieldType": "String",
            },
          ],
          "name": "Simple",
        },
        Object {
          "changelogDate": "20220129000200",
          "clientRootFolder": "test-root",
          "dto": "mapstruct",
          "fields": Array [
            Object {
              "fieldName": "simpleName",
              "fieldType": "String",
            },
          ],
          "name": "AnotherSimple",
          "pagination": "pagination",
          "service": "serviceImpl",
        },
      ],
    },
    "defaults": true,
  },
}
`;
