// Jest Snapshot v1, https://goo.gl/fbAQLP

exports[`generator - java:jib with defaults options should match source snapshot 1`] = `
{
  "addMavenDefinition": [
    {
      "pluginManagement": [
        {
          "additionalContent": "<configuration>
    <from>
        <image>\${jib-maven-plugin.image}</image>
        <platforms>
            <platform>
                <architecture>\${jib-maven-plugin.architecture}</architecture>
                <os>linux</os>
            </platform>
        </platforms>
    </from>
    <to>
        <image>jhipster:latest</image>
    </to>
    <container>
        <entrypoint>
            <shell>bash</shell>
            <option>-c</option>
            <arg>/entrypoint.sh</arg>
        </entrypoint>
        <ports>
            <port>8080</port>
        </ports>
        <environment>
            <SPRING_OUTPUT_ANSI_ENABLED>ALWAYS</SPRING_OUTPUT_ANSI_ENABLED>
            <JHIPSTER_SLEEP>0</JHIPSTER_SLEEP>
        </environment>
        <creationTime>USE_CURRENT_TIMESTAMP</creationTime>
        <user>1000</user>
    </container>
    <extraDirectories>
        <paths>src/main/docker/jib</paths>
        <permissions>
            <permission>
                <file>/entrypoint.sh</file>
                <mode>755</mode>
            </permission>
        </permissions>
    </extraDirectories>
</configuration>",
          "artifactId": "jib-maven-plugin",
          "groupId": "com.google.cloud.tools",
          "version": "\${jib-maven-plugin.version}",
        },
      ],
      "plugins": [
        {
          "artifactId": "jib-maven-plugin",
          "groupId": "com.google.cloud.tools",
        },
      ],
      "properties": [
        {
          "property": "jib-maven-plugin.version",
          "value": "'JIB-MAVEN-PLUGIN-VERSION'",
        },
        {
          "property": "jib-maven-plugin.image",
          "value": "java-jre-placeholder",
        },
        {
          "property": "jib-maven-plugin.architecture",
          "value": "amd64",
        },
      ],
    },
  ],
}
`;

exports[`generator - java:jib with gradle buildTool should match source snapshot 1`] = `
{
  "addGradleBuildSrcDependencyCatalogLibraries": [
    [
      {
        "libraryName": "jib-plugin",
        "module": "com.google.cloud.tools:jib-gradle-plugin",
        "scope": "implementation",
        "version": "'JIB-MAVEN-PLUGIN-VERSION'",
      },
    ],
  ],
  "addGradlePlugin": [
    {
      "id": "jhipster.docker-conventions",
    },
  ],
}
`;
