// Jest Snapshot v1, https://goo.gl/fbAQLP

exports[`generator - jdl help should print expected information 1`] = `
"Usage: jhipster jdl|import-jdl [options] [jdlFiles...]

Create entities from the JDL file/URL/content passed in argument.
    Use the '--interactive' flag to generate multiple applications in series.

Options:
  --interactive                   Generate multiple applications in series so that questions can be interacted with. This is the default
                                  when there is an existing application configuration in any of the folders
  --json-only                     Generate only the JSON files and skip entity regeneration
  --ignore-application            Ignores application generation
  --ignore-deployments            Ignores deployments generation
  --skip-sample-repository        Disable fetching sample files when the file is not a URL
  --inline <value>                Pass JDL content inline. Argument can be skipped when passing this
  --skip-user-management          Skip the user management module during app generation
  --unidirectional-relationships  Generate unidirectional relationships
  --force-no-filtering            Don't filter jdl entities
  --skip-cache                    Do not remember prompt answers (default: false)
  --skip-install                  Do not automatically install dependencies (default: false)
  --force-install                 Fail on install dependencies error (default: false)
  --ask-answered                  Show prompts for already configured options (default: false)
  --with-generated-flag           Add a GeneratedByJHipster annotation to all generated java classes and interfaces
  --skip-prompts                  Skip prompts
  -h, --help                      display help for command
"
`;

exports[`generator - jdl help show print expected help 1`] = `
"Usage: jhipster jdl|import-jdl [options] [jdlFiles...]

Create entities from the JDL file/URL/content passed in argument.
    Use the '--interactive' flag to generate multiple applications in series.

Options:
  --interactive                   Generate multiple applications in series so that questions can be interacted with. This is the default
                                  when there is an existing application configuration in any of the folders
  --json-only                     Generate only the JSON files and skip entity regeneration
  --ignore-application            Ignores application generation
  --ignore-deployments            Ignores deployments generation
  --skip-sample-repository        Disable fetching sample files when the file is not a URL
  --inline <value>                Pass JDL content inline. Argument can be skipped when passing this
  --skip-user-management          Skip the user management module during app generation
  --unidirectional-relationships  Generate unidirectional relationships
  --force-no-filtering            Don't filter jdl entities
  --skip-cache                    Do not remember prompt answers (default: false)
  --skip-install                  Do not automatically install dependencies (default: false)
  --force-install                 Fail on install dependencies error (default: false)
  --ask-answered                  Show prompts for already configured options (default: false)
  --with-generated-flag           Add a GeneratedByJHipster annotation to all generated java classes and interfaces
  --skip-prompts                  Skip prompts
  -h, --help                      display help for command
"
`;
